13:56:12 **** Incremental Build of configuration Debug for project 006Bit_banding ****
make -j8 all 
arm-none-eabi-gcc "../Src/main.c" -mcpu=cortex-m4 -std=gnu11 -g3 -DDEBUG -DSTM32 -DSTM32F407G_DISC1 -DSTM32F4 -DSTM32F407VGTx -c -I../Inc -O0 -ffunction-sections -fdata-sections -Wall -fstack-usage -fcyclomatic-complexity -MMD -MP -MF"Src/main.d" -MT"Src/main.o" --specs=nano.specs -mfloat-abi=soft -mthumb -o "Src/main.o"
arm-none-eabi-gcc -o "006Bit_banding.elf" @"objects.list"   -mcpu=cortex-m4 -T"C:\Users\zchua\OneDrive - Intel Corporation\Desktop\STM32_Course_1\006Bit_banding\STM32F407VGTX_FLASH.ld" --specs=nosys.specs -Wl,-Map="006Bit_banding.map" -Wl,--gc-sections -static --specs=nano.specs -mfloat-abi=soft -mthumb -Wl,--start-group -lc -lm -Wl,--end-group
Finished building target: 006Bit_banding.elf
 
arm-none-eabi-size  006Bit_banding.elf 
arm-none-eabi-objdump -h -S 006Bit_banding.elf  > "006Bit_banding.list"
   text	   data	    bss	    dec	    hex	filename
    704	      0	   1568	   2272	    8e0	006Bit_banding.elf
Finished building: default.size.stdout
 
Finished building: 006Bit_banding.list
 

13:56:13 Build Finished. 0 errors, 0 warnings. (took 1s.258ms)

